
R version 3.5.1 (2018-07-02) -- "Feather Spray"
Copyright (C) 2018 The R Foundation for Statistical Computing
Platform: x86_64-apple-darwin15.6.0 (64-bit)

R is free software and comes with ABSOLUTELY NO WARRANTY.
You are welcome to redistribute it under certain conditions.
Type 'license()' or 'licence()' for distribution details.

  Natural language support but running in an English locale

R is a collaborative project with many contributors.
Type 'contributors()' for more information and
'citation()' on how to cite R or R packages in publications.

Type 'demo()' for some demos, 'help()' for on-line help, or
'help.start()' for an HTML browser interface to help.
Type 'q()' to quit R.

[R.app GUI 1.70 (7543) x86_64-apple-darwin15.6.0]

[Workspace restored from /Users/tylersmith/.RData]
[History restored from /Users/tylersmith/.Rapp.history]

objc[23280]: Class FIFinderSyncExtensionHost is implemented in both /System/Library/PrivateFrameworks/FinderKit.framework/Versions/A/FinderKit (0x7fff95b941d0) and /System/Library/PrivateFrameworks/FileProvider.framework/OverrideBundles/FinderSyncCollaborationFileProviderOverride.bundle/Contents/MacOS/FinderSyncCollaborationFileProviderOverride (0x11453edc8). One of the two will be used. Which one is undefined.
> source("/Users/tylersmith/Long_Range_Dispersal/Levy_flight_1D_time_series_part3.R")
./"0.1"alpha="1.250000" ></set>
NULL
> source("/Users/tylersmith/Long_Range_Dispersal/Levy_flight_1D_time_series_part3.R")
./rho_inverse"0.1"alpha_"1.250000" ></set>
NULL
> source("/Users/tylersmith/Long_Range_Dispersal/Levy_flight_1D_time_series_part3.R")
./rho_inverse"0.1"alpha_"1.250000" ></set>NULL
> source("/Users/tylersmith/Long_Range_Dispersal/Levy_flight_1D_time_series_part3.R")
./rho_inverse"0.1"alpha_"1.250000" ></set>NULL
> source("/Users/tylersmith/Long_Range_Dispersal/Levy_flight_1D_time_series_part3.R")
./rho_inverse"0.1"alpha_"1.250000" NULL
> source("/Users/tylersmith/Long_Range_Dispersal/Levy_flight_1D_time_series_part3.R")
./rho_inverse"0.1"alpha_"1.250000" NULL
> source("/Users/tylersmith/Long_Range_Dispersal/Levy_flight_1D_time_series_part3.R")
./rho_inverse" rho_inverse"alpha_"alpha" NULL
> source("/Users/tylersmith/Long_Range_Dispersal/Levy_flight_1D_time_series_part3.R")
./rho_inverse" rho_inverse"alpha_"alpha"NULL
> source("/Users/tylersmith/Long_Range_Dispersal/Levy_flight_1D_time_series_part3.R")
Error in source("/Users/tylersmith/Long_Range_Dispersal/Levy_flight_1D_time_series_part3.R") : 
  /Users/tylersmith/Long_Range_Dispersal/Levy_flight_1D_time_series_part3.R:8:22: unexpected INCOMPLETE_STRING
11: 
12: 
                         ^
> source("/Users/tylersmith/Long_Range_Dispersal/Levy_flight_1D_time_series_part3.R")
./rho_inverse" rho_inverse"alpha_"alpha"NULL
> source("/Users/tylersmith/Long_Range_Dispersal/Levy_flight_1D_time_series_part3.R")
./rho_inverse"0.1"alpha_"1.250000" NULL
> source("/Users/tylersmith/Long_Range_Dispersal/Levy_flight_1D_time_series_part3.R")
./rho_inverse"0.1"alpha_"1.250000" NULL
> source("/Users/tylersmith/Long_Range_Dispersal/Levy_flight_1D_time_series_part3.R")
./rho_inverse"0.1"alpha_"1.250000" NULL
> source("/Users/tylersmith/Long_Range_Dispersal/Levy_flight_1D_time_series_part3.R")
Error in source("/Users/tylersmith/Long_Range_Dispersal/Levy_flight_1D_time_series_part3.R") : 
  /Users/tylersmith/Long_Range_Dispersal/Levy_flight_1D_time_series_part3.R:8:22: unexpected INCOMPLETE_STRING
11: 
12: 
                         ^
> source("/Users/tylersmith/Long_Range_Dispersal/Levy_flight_1D_time_series_part3.R")
Error: '\,' is an unrecognized escape in character string starting ""./rho_inverse\"%s\,"
> source("/Users/tylersmith/Long_Range_Dispersal/Levy_flight_1D_time_series_part3.R")
./rho_inverse"0.1"alpha_"1.250000" NULL
> source("/Users/tylersmith/Long_Range_Dispersal/Levy_flight_1D_time_series_part3.R")
./rho_inverse"0.1"alpha_"1.250000"NULL
> source("/Users/tylersmith/Long_Range_Dispersal/Levy_flight_1D_time_series_part3.R")
Error in source("/Users/tylersmith/Long_Range_Dispersal/Levy_flight_1D_time_series_part3.R") : 
  /Users/tylersmith/Long_Range_Dispersal/Levy_flight_1D_time_series_part3.R:8:62: unexpected ')'
7: 
8: string = paste("./rho_inverse", rho_inverse, "alpha_", alpha))
                                                                ^
> source("/Users/tylersmith/Long_Range_Dispersal/Levy_flight_1D_time_series_part3.R")
[1] "./rho_inverse 0.1 alpha_ 1.25"
> source("/Users/tylersmith/Long_Range_Dispersal/Levy_flight_1D_time_series_part3.R")
[1] "./rho_inverse_ 0.1 alpha_ 1.25"
> source("/Users/tylersmith/Long_Range_Dispersal/Levy_flight_1D_time_series_part3.R")
[1] "./rho_inverse_0.1alpha_1.25"
> source("/Users/tylersmith/Long_Range_Dispersal/Levy_flight_1D_time_series_part3.R")
[1] "alpha_value_1.25"
> source("/Users/tylersmith/Long_Range_Dispersal/Levy_flight_1D_time_series_part3.R")
[1] "./alpha_value_1.25/distance_value_10"
> source("/Users/tylersmith/Long_Range_Dispersal/Levy_flight_1D_time_series_part3.R")
[1] "./alpha_value_1.25/distance_value_10"
> source("/Users/tylersmith/Long_Range_Dispersal/Levy_flight_1D_time_series_part3.R")
[1] "./alpha_value_1.25/distance_value_10"
> source("/Users/tylersmith/Long_Range_Dispersal/Levy_flight_1D_time_series_part3.R")
Error in setwd(string) : cannot change working directory
> source("/Users/tylersmith/Long_Range_Dispersal/Levy_flight_1D_time_series_part3.R")
Error in setwd(string) : cannot change working directory
> source("/Users/tylersmith/Long_Range_Dispersal/Levy_flight_1D_time_series_part3.R")
[1] "./alpha_value_1.25/distance_value_10/"
Error in setwd(string) : cannot change working directory
> source("/Users/tylersmith/Long_Range_Dispersal/Levy_flight_1D_time_series_part3.R")
[1] "./alpha_value_1.25/distance_value_5/"
> source("/Users/tylersmith/Long_Range_Dispersal/Levy_flight_1D_time_series_part3.R")
[1] "./alpha_value_1.25/distance_value_0/"
Error in setwd(string) : cannot change working directory
> source("/Users/tylersmith/Long_Range_Dispersal/Levy_flight_1D_time_series_part3.R")
[1] "./alpha_value_1.25/distance_value_0/"
Error in setwd(string) : cannot change working directory
> source("/Users/tylersmith/Long_Range_Dispersal/Levy_flight_1D_time_series_part3.R")
[1] "./alpha_value_1.25/distance_value_0/"
Error in setwd(../..) : object '..' not found
> source("/Users/tylersmith/Long_Range_Dispersal/Levy_flight_1D_time_series_part3.R")
[1] "./alpha_value_1.25/distance_value_0/"
> source("/Users/tylersmith/Long_Range_Dispersal/Levy_flight_1D_time_series_part3.R")
[1] "./alpha_value_1.25/distance_value_0/"
> source("/Users/tylersmith/Long_Range_Dispersal/Levy_flight_1D_time_series_part3.R")
Error in file(file, "rt") : cannot open the connection
In addition: Warning message:
In file(file, "rt") :
  cannot open file 'Sys.glob(histogram_of_boot*rho_inverse_ 0.1 .txt': No such file or directory
> source("/Users/tylersmith/Long_Range_Dispersal/Levy_flight_1D_time_series_part3.R")
Error in setwd(string) : cannot change working directory
> source("/Users/tylersmith/Long_Range_Dispersal/Levy_flight_1D_time_series_part3.R")
Error in setwd(string) : cannot change working directory
> setwd("..")
> setwd("..")
> source("/Users/tylersmith/Long_Range_Dispersal/Levy_flight_1D_time_series_part3.R")
Error in file(file, "rt") : cannot open the connection
In addition: Warning message:
In file(file, "rt") :
  cannot open file 'Total_outfile_ALL.txt': No such file or directory
> setwd("..")
> setwd("..")
> source("/Users/tylersmith/Long_Range_Dispersal/Levy_flight_1D_time_series_part3.R")
> source("/Users/tylersmith/Long_Range_Dispersal/Levy_flight_1D_time_series_part3.R")
Error in setwd(string) : cannot change working directory
> source("/Users/tylersmith/Long_Range_Dispersal/Levy_flight_1D_time_series_part3.R")
> source("/Users/tylersmith/Long_Range_Dispersal/Levy_flight_1D_time_series_part3.R")
Error in setwd(string) : cannot change working directory
> source("/Users/tylersmith/Long_Range_Dispersal/Levy_flight_1D_time_series_part3.R")
> source("/Users/tylersmith/Long_Range_Dispersal/Levy_flight_1D_time_series_part3.R")
> string
[1] "./alpha_value_1.25/distance_value_0/"
> source("/Users/tylersmith/Long_Range_Dispersal/Levy_flight_1D_time_series_part3.R")
> setwd("..")